[2.465s] Invoking command in '/root/GitHub/Projets-de-mecatronique/12_ros2_robot_investigation/src/investigation_robot': PYTHONPATH=/root/GitHub/Projets-de-mecatronique/12_ros2_robot_investigation/build/investigation_robot/prefix_override:/usr/lib/python3/dist-packages/colcon_core/task/python/colcon_distutils_commands:/root/GitHub/Projets-de-mecatronique/12_ros2_robot_investigation/install/investigation_robot/lib/python3.12/site-packages:${PYTHONPATH} /usr/bin/python3 -W ignore:setup.py install is deprecated -W ignore:easy_install command is deprecated setup.py egg_info --egg-base ../../build/investigation_robot build --build-base /root/GitHub/Projets-de-mecatronique/12_ros2_robot_investigation/build/investigation_robot/build install --record /root/GitHub/Projets-de-mecatronique/12_ros2_robot_investigation/build/investigation_robot/install.log --single-version-externally-managed install_data
[3.182s] running egg_info
[3.236s] writing ../../build/investigation_robot/investigation_robot.egg-info/PKG-INFO
[3.236s] writing dependency_links to ../../build/investigation_robot/investigation_robot.egg-info/dependency_links.txt
[3.237s] writing entry points to ../../build/investigation_robot/investigation_robot.egg-info/entry_points.txt
[3.238s] writing requirements to ../../build/investigation_robot/investigation_robot.egg-info/requires.txt
[3.238s] writing top-level names to ../../build/investigation_robot/investigation_robot.egg-info/top_level.txt
[3.347s] reading manifest file '../../build/investigation_robot/investigation_robot.egg-info/SOURCES.txt'
[3.348s] writing manifest file '../../build/investigation_robot/investigation_robot.egg-info/SOURCES.txt'
[3.349s] running build
[3.349s] running build_py
[3.350s] running install
[3.363s] running install_lib
[3.419s] running install_data
[3.420s] creating /root/GitHub/Projets-de-mecatronique/12_ros2_robot_investigation/install/investigation_robot/share/investigation_robot/launch
[3.420s] copying launch/robot.launch.py -> /root/GitHub/Projets-de-mecatronique/12_ros2_robot_investigation/install/investigation_robot/share/investigation_robot/launch
[3.421s] running install_egg_info
[3.484s] removing '/root/GitHub/Projets-de-mecatronique/12_ros2_robot_investigation/install/investigation_robot/lib/python3.12/site-packages/investigation_robot-0.0.1-py3.12.egg-info' (and everything under it)
[3.485s] Copying ../../build/investigation_robot/investigation_robot.egg-info to /root/GitHub/Projets-de-mecatronique/12_ros2_robot_investigation/install/investigation_robot/lib/python3.12/site-packages/investigation_robot-0.0.1-py3.12.egg-info
[3.488s] running install_scripts
[3.940s] Installing logger_node script to /root/GitHub/Projets-de-mecatronique/12_ros2_robot_investigation/install/investigation_robot/lib/investigation_robot
[3.941s] Installing sensor_node script to /root/GitHub/Projets-de-mecatronique/12_ros2_robot_investigation/install/investigation_robot/lib/investigation_robot
[3.942s] Installing teleop_node script to /root/GitHub/Projets-de-mecatronique/12_ros2_robot_investigation/install/investigation_robot/lib/investigation_robot
[3.943s] Installing visu_node script to /root/GitHub/Projets-de-mecatronique/12_ros2_robot_investigation/install/investigation_robot/lib/investigation_robot
[3.944s] writing list of installed files to '/root/GitHub/Projets-de-mecatronique/12_ros2_robot_investigation/build/investigation_robot/install.log'
[4.024s] Invoked command in '/root/GitHub/Projets-de-mecatronique/12_ros2_robot_investigation/src/investigation_robot' returned '0': PYTHONPATH=/root/GitHub/Projets-de-mecatronique/12_ros2_robot_investigation/build/investigation_robot/prefix_override:/usr/lib/python3/dist-packages/colcon_core/task/python/colcon_distutils_commands:/root/GitHub/Projets-de-mecatronique/12_ros2_robot_investigation/install/investigation_robot/lib/python3.12/site-packages:${PYTHONPATH} /usr/bin/python3 -W ignore:setup.py install is deprecated -W ignore:easy_install command is deprecated setup.py egg_info --egg-base ../../build/investigation_robot build --build-base /root/GitHub/Projets-de-mecatronique/12_ros2_robot_investigation/build/investigation_robot/build install --record /root/GitHub/Projets-de-mecatronique/12_ros2_robot_investigation/build/investigation_robot/install.log --single-version-externally-managed install_data
