running egg_info
writing ../../build/investigation_robot/investigation_robot.egg-info/PKG-INFO
writing dependency_links to ../../build/investigation_robot/investigation_robot.egg-info/dependency_links.txt
writing entry points to ../../build/investigation_robot/investigation_robot.egg-info/entry_points.txt
writing requirements to ../../build/investigation_robot/investigation_robot.egg-info/requires.txt
writing top-level names to ../../build/investigation_robot/investigation_robot.egg-info/top_level.txt
reading manifest file '../../build/investigation_robot/investigation_robot.egg-info/SOURCES.txt'
writing manifest file '../../build/investigation_robot/investigation_robot.egg-info/SOURCES.txt'
running build
running build_py
copying investigation_robot/visu_node.py -> /root/GitHub/Projets-de-mecatronique/12_ros2_robot_investigation/build/investigation_robot/build/lib/investigation_robot
copying investigation_robot/logger_node.py -> /root/GitHub/Projets-de-mecatronique/12_ros2_robot_investigation/build/investigation_robot/build/lib/investigation_robot
running install
running install_lib
copying /root/GitHub/Projets-de-mecatronique/12_ros2_robot_investigation/build/investigation_robot/build/lib/investigation_robot/visu_node.py -> /root/GitHub/Projets-de-mecatronique/12_ros2_robot_investigation/install/investigation_robot/lib/python3.12/site-packages/investigation_robot
copying /root/GitHub/Projets-de-mecatronique/12_ros2_robot_investigation/build/investigation_robot/build/lib/investigation_robot/logger_node.py -> /root/GitHub/Projets-de-mecatronique/12_ros2_robot_investigation/install/investigation_robot/lib/python3.12/site-packages/investigation_robot
byte-compiling /root/GitHub/Projets-de-mecatronique/12_ros2_robot_investigation/install/investigation_robot/lib/python3.12/site-packages/investigation_robot/visu_node.py to visu_node.cpython-312.pyc
byte-compiling /root/GitHub/Projets-de-mecatronique/12_ros2_robot_investigation/install/investigation_robot/lib/python3.12/site-packages/investigation_robot/logger_node.py to logger_node.cpython-312.pyc
running install_data
running install_egg_info
removing '/root/GitHub/Projets-de-mecatronique/12_ros2_robot_investigation/install/investigation_robot/lib/python3.12/site-packages/investigation_robot-0.0.1-py3.12.egg-info' (and everything under it)
Copying ../../build/investigation_robot/investigation_robot.egg-info to /root/GitHub/Projets-de-mecatronique/12_ros2_robot_investigation/install/investigation_robot/lib/python3.12/site-packages/investigation_robot-0.0.1-py3.12.egg-info
running install_scripts
Installing logger_node script to /root/GitHub/Projets-de-mecatronique/12_ros2_robot_investigation/install/investigation_robot/lib/investigation_robot
Installing sensor_node script to /root/GitHub/Projets-de-mecatronique/12_ros2_robot_investigation/install/investigation_robot/lib/investigation_robot
Installing teleop_node script to /root/GitHub/Projets-de-mecatronique/12_ros2_robot_investigation/install/investigation_robot/lib/investigation_robot
Installing visu_node script to /root/GitHub/Projets-de-mecatronique/12_ros2_robot_investigation/install/investigation_robot/lib/investigation_robot
writing list of installed files to '/root/GitHub/Projets-de-mecatronique/12_ros2_robot_investigation/build/investigation_robot/install.log'
