[1.989s] Invoking command in '/root/GitHub/Projets-de-mecatronique/12_ros2_robot_investigation/src/investigation_robot': PYTHONPATH=/root/GitHub/Projets-de-mecatronique/12_ros2_robot_investigation/build/investigation_robot/prefix_override:/usr/lib/python3/dist-packages/colcon_core/task/python/colcon_distutils_commands:/root/GitHub/Projets-de-mecatronique/12_ros2_robot_investigation/install/investigation_robot/lib/python3.12/site-packages:${PYTHONPATH} /usr/bin/python3 -W ignore:setup.py install is deprecated -W ignore:easy_install command is deprecated setup.py egg_info --egg-base ../../build/investigation_robot build --build-base /root/GitHub/Projets-de-mecatronique/12_ros2_robot_investigation/build/investigation_robot/build install --record /root/GitHub/Projets-de-mecatronique/12_ros2_robot_investigation/build/investigation_robot/install.log --single-version-externally-managed install_data
[2.797s] running egg_info
[2.858s] writing ../../build/investigation_robot/investigation_robot.egg-info/PKG-INFO
[2.859s] writing dependency_links to ../../build/investigation_robot/investigation_robot.egg-info/dependency_links.txt
[2.859s] writing entry points to ../../build/investigation_robot/investigation_robot.egg-info/entry_points.txt
[2.860s] writing requirements to ../../build/investigation_robot/investigation_robot.egg-info/requires.txt
[2.860s] writing top-level names to ../../build/investigation_robot/investigation_robot.egg-info/top_level.txt
[2.971s] reading manifest file '../../build/investigation_robot/investigation_robot.egg-info/SOURCES.txt'
[2.974s] writing manifest file '../../build/investigation_robot/investigation_robot.egg-info/SOURCES.txt'
[2.974s] running build
[2.975s] running build_py
[2.976s] copying investigation_robot/visu_node.py -> /root/GitHub/Projets-de-mecatronique/12_ros2_robot_investigation/build/investigation_robot/build/lib/investigation_robot
[2.976s] copying investigation_robot/logger_node.py -> /root/GitHub/Projets-de-mecatronique/12_ros2_robot_investigation/build/investigation_robot/build/lib/investigation_robot
[2.977s] running install
[2.990s] running install_lib
[3.047s] copying /root/GitHub/Projets-de-mecatronique/12_ros2_robot_investigation/build/investigation_robot/build/lib/investigation_robot/visu_node.py -> /root/GitHub/Projets-de-mecatronique/12_ros2_robot_investigation/install/investigation_robot/lib/python3.12/site-packages/investigation_robot
[3.048s] copying /root/GitHub/Projets-de-mecatronique/12_ros2_robot_investigation/build/investigation_robot/build/lib/investigation_robot/logger_node.py -> /root/GitHub/Projets-de-mecatronique/12_ros2_robot_investigation/install/investigation_robot/lib/python3.12/site-packages/investigation_robot
[3.049s] byte-compiling /root/GitHub/Projets-de-mecatronique/12_ros2_robot_investigation/install/investigation_robot/lib/python3.12/site-packages/investigation_robot/visu_node.py to visu_node.cpython-312.pyc
[3.051s] byte-compiling /root/GitHub/Projets-de-mecatronique/12_ros2_robot_investigation/install/investigation_robot/lib/python3.12/site-packages/investigation_robot/logger_node.py to logger_node.cpython-312.pyc
[3.053s] running install_data
[3.053s] running install_egg_info
[3.110s] removing '/root/GitHub/Projets-de-mecatronique/12_ros2_robot_investigation/install/investigation_robot/lib/python3.12/site-packages/investigation_robot-0.0.1-py3.12.egg-info' (and everything under it)
[3.110s] Copying ../../build/investigation_robot/investigation_robot.egg-info to /root/GitHub/Projets-de-mecatronique/12_ros2_robot_investigation/install/investigation_robot/lib/python3.12/site-packages/investigation_robot-0.0.1-py3.12.egg-info
[3.113s] running install_scripts
[3.474s] Installing logger_node script to /root/GitHub/Projets-de-mecatronique/12_ros2_robot_investigation/install/investigation_robot/lib/investigation_robot
[3.475s] Installing sensor_node script to /root/GitHub/Projets-de-mecatronique/12_ros2_robot_investigation/install/investigation_robot/lib/investigation_robot
[3.475s] Installing teleop_node script to /root/GitHub/Projets-de-mecatronique/12_ros2_robot_investigation/install/investigation_robot/lib/investigation_robot
[3.476s] Installing visu_node script to /root/GitHub/Projets-de-mecatronique/12_ros2_robot_investigation/install/investigation_robot/lib/investigation_robot
[3.478s] writing list of installed files to '/root/GitHub/Projets-de-mecatronique/12_ros2_robot_investigation/build/investigation_robot/install.log'
[3.530s] Invoked command in '/root/GitHub/Projets-de-mecatronique/12_ros2_robot_investigation/src/investigation_robot' returned '0': PYTHONPATH=/root/GitHub/Projets-de-mecatronique/12_ros2_robot_investigation/build/investigation_robot/prefix_override:/usr/lib/python3/dist-packages/colcon_core/task/python/colcon_distutils_commands:/root/GitHub/Projets-de-mecatronique/12_ros2_robot_investigation/install/investigation_robot/lib/python3.12/site-packages:${PYTHONPATH} /usr/bin/python3 -W ignore:setup.py install is deprecated -W ignore:easy_install command is deprecated setup.py egg_info --egg-base ../../build/investigation_robot build --build-base /root/GitHub/Projets-de-mecatronique/12_ros2_robot_investigation/build/investigation_robot/build install --record /root/GitHub/Projets-de-mecatronique/12_ros2_robot_investigation/build/investigation_robot/install.log --single-version-externally-managed install_data
