running egg_info
creating ../../build/investigation_robot/investigation_robot.egg-info
writing ../../build/investigation_robot/investigation_robot.egg-info/PKG-INFO
writing dependency_links to ../../build/investigation_robot/investigation_robot.egg-info/dependency_links.txt
writing entry points to ../../build/investigation_robot/investigation_robot.egg-info/entry_points.txt
writing requirements to ../../build/investigation_robot/investigation_robot.egg-info/requires.txt
writing top-level names to ../../build/investigation_robot/investigation_robot.egg-info/top_level.txt
writing manifest file '../../build/investigation_robot/investigation_robot.egg-info/SOURCES.txt'
reading manifest file '../../build/investigation_robot/investigation_robot.egg-info/SOURCES.txt'
writing manifest file '../../build/investigation_robot/investigation_robot.egg-info/SOURCES.txt'
running build
running build_py
creating /root/GitHub/Projets-de-mecatronique/12_ros2_robot_investigation/build/investigation_robot/build
creating /root/GitHub/Projets-de-mecatronique/12_ros2_robot_investigation/build/investigation_robot/build/lib
creating /root/GitHub/Projets-de-mecatronique/12_ros2_robot_investigation/build/investigation_robot/build/lib/investigation_robot
copying investigation_robot/__init__.py -> /root/GitHub/Projets-de-mecatronique/12_ros2_robot_investigation/build/investigation_robot/build/lib/investigation_robot
copying investigation_robot/teleop_node.py -> /root/GitHub/Projets-de-mecatronique/12_ros2_robot_investigation/build/investigation_robot/build/lib/investigation_robot
copying investigation_robot/sensor_node.py -> /root/GitHub/Projets-de-mecatronique/12_ros2_robot_investigation/build/investigation_robot/build/lib/investigation_robot
running install
running install_lib
creating /root/GitHub/Projets-de-mecatronique/12_ros2_robot_investigation/install/investigation_robot/lib/python3.12/site-packages/investigation_robot
copying /root/GitHub/Projets-de-mecatronique/12_ros2_robot_investigation/build/investigation_robot/build/lib/investigation_robot/__init__.py -> /root/GitHub/Projets-de-mecatronique/12_ros2_robot_investigation/install/investigation_robot/lib/python3.12/site-packages/investigation_robot
copying /root/GitHub/Projets-de-mecatronique/12_ros2_robot_investigation/build/investigation_robot/build/lib/investigation_robot/teleop_node.py -> /root/GitHub/Projets-de-mecatronique/12_ros2_robot_investigation/install/investigation_robot/lib/python3.12/site-packages/investigation_robot
copying /root/GitHub/Projets-de-mecatronique/12_ros2_robot_investigation/build/investigation_robot/build/lib/investigation_robot/sensor_node.py -> /root/GitHub/Projets-de-mecatronique/12_ros2_robot_investigation/install/investigation_robot/lib/python3.12/site-packages/investigation_robot
byte-compiling /root/GitHub/Projets-de-mecatronique/12_ros2_robot_investigation/install/investigation_robot/lib/python3.12/site-packages/investigation_robot/__init__.py to __init__.cpython-312.pyc
byte-compiling /root/GitHub/Projets-de-mecatronique/12_ros2_robot_investigation/install/investigation_robot/lib/python3.12/site-packages/investigation_robot/teleop_node.py to teleop_node.cpython-312.pyc
byte-compiling /root/GitHub/Projets-de-mecatronique/12_ros2_robot_investigation/install/investigation_robot/lib/python3.12/site-packages/investigation_robot/sensor_node.py to sensor_node.cpython-312.pyc
running install_data
creating /root/GitHub/Projets-de-mecatronique/12_ros2_robot_investigation/install/investigation_robot/share/ament_index
creating /root/GitHub/Projets-de-mecatronique/12_ros2_robot_investigation/install/investigation_robot/share/ament_index/resource_index
creating /root/GitHub/Projets-de-mecatronique/12_ros2_robot_investigation/install/investigation_robot/share/ament_index/resource_index/packages
copying resource/investigation_robot -> /root/GitHub/Projets-de-mecatronique/12_ros2_robot_investigation/install/investigation_robot/share/ament_index/resource_index/packages
copying package.xml -> /root/GitHub/Projets-de-mecatronique/12_ros2_robot_investigation/install/investigation_robot/share/investigation_robot
running install_egg_info
Copying ../../build/investigation_robot/investigation_robot.egg-info to /root/GitHub/Projets-de-mecatronique/12_ros2_robot_investigation/install/investigation_robot/lib/python3.12/site-packages/investigation_robot-0.0.1-py3.12.egg-info
running install_scripts
Installing sensor_node script to /root/GitHub/Projets-de-mecatronique/12_ros2_robot_investigation/install/investigation_robot/lib/investigation_robot
Installing teleop_node script to /root/GitHub/Projets-de-mecatronique/12_ros2_robot_investigation/install/investigation_robot/lib/investigation_robot
writing list of installed files to '/root/GitHub/Projets-de-mecatronique/12_ros2_robot_investigation/build/investigation_robot/install.log'
