[2.834s] Invoking command in '/root/GitHub/Projets-de-mecatronique/12_ros2_robot_investigation/src/investigation_robot': PYTHONPATH=/root/GitHub/Projets-de-mecatronique/12_ros2_robot_investigation/build/investigation_robot/prefix_override:/usr/lib/python3/dist-packages/colcon_core/task/python/colcon_distutils_commands:/root/GitHub/Projets-de-mecatronique/12_ros2_robot_investigation/install/investigation_robot/lib/python3.12/site-packages:${PYTHONPATH} /usr/bin/python3 -W ignore:setup.py install is deprecated -W ignore:easy_install command is deprecated setup.py egg_info --egg-base ../../build/investigation_robot build --build-base /root/GitHub/Projets-de-mecatronique/12_ros2_robot_investigation/build/investigation_robot/build install --record /root/GitHub/Projets-de-mecatronique/12_ros2_robot_investigation/build/investigation_robot/install.log --single-version-externally-managed install_data
[3.456s] running egg_info
[3.457s] creating ../../build/investigation_robot/investigation_robot.egg-info
[3.503s] writing ../../build/investigation_robot/investigation_robot.egg-info/PKG-INFO
[3.503s] writing dependency_links to ../../build/investigation_robot/investigation_robot.egg-info/dependency_links.txt
[3.504s] writing entry points to ../../build/investigation_robot/investigation_robot.egg-info/entry_points.txt
[3.504s] writing requirements to ../../build/investigation_robot/investigation_robot.egg-info/requires.txt
[3.505s] writing top-level names to ../../build/investigation_robot/investigation_robot.egg-info/top_level.txt
[3.505s] writing manifest file '../../build/investigation_robot/investigation_robot.egg-info/SOURCES.txt'
[3.597s] reading manifest file '../../build/investigation_robot/investigation_robot.egg-info/SOURCES.txt'
[3.598s] writing manifest file '../../build/investigation_robot/investigation_robot.egg-info/SOURCES.txt'
[3.599s] running build
[3.599s] running build_py
[3.599s] creating /root/GitHub/Projets-de-mecatronique/12_ros2_robot_investigation/build/investigation_robot/build
[3.600s] creating /root/GitHub/Projets-de-mecatronique/12_ros2_robot_investigation/build/investigation_robot/build/lib
[3.601s] creating /root/GitHub/Projets-de-mecatronique/12_ros2_robot_investigation/build/investigation_robot/build/lib/investigation_robot
[3.602s] copying investigation_robot/__init__.py -> /root/GitHub/Projets-de-mecatronique/12_ros2_robot_investigation/build/investigation_robot/build/lib/investigation_robot
[3.602s] copying investigation_robot/teleop_node.py -> /root/GitHub/Projets-de-mecatronique/12_ros2_robot_investigation/build/investigation_robot/build/lib/investigation_robot
[3.602s] copying investigation_robot/sensor_node.py -> /root/GitHub/Projets-de-mecatronique/12_ros2_robot_investigation/build/investigation_robot/build/lib/investigation_robot
[3.603s] running install
[3.616s] running install_lib
[3.671s] creating /root/GitHub/Projets-de-mecatronique/12_ros2_robot_investigation/install/investigation_robot/lib/python3.12/site-packages/investigation_robot
[3.672s] copying /root/GitHub/Projets-de-mecatronique/12_ros2_robot_investigation/build/investigation_robot/build/lib/investigation_robot/__init__.py -> /root/GitHub/Projets-de-mecatronique/12_ros2_robot_investigation/install/investigation_robot/lib/python3.12/site-packages/investigation_robot
[3.673s] copying /root/GitHub/Projets-de-mecatronique/12_ros2_robot_investigation/build/investigation_robot/build/lib/investigation_robot/teleop_node.py -> /root/GitHub/Projets-de-mecatronique/12_ros2_robot_investigation/install/investigation_robot/lib/python3.12/site-packages/investigation_robot
[3.673s] copying /root/GitHub/Projets-de-mecatronique/12_ros2_robot_investigation/build/investigation_robot/build/lib/investigation_robot/sensor_node.py -> /root/GitHub/Projets-de-mecatronique/12_ros2_robot_investigation/install/investigation_robot/lib/python3.12/site-packages/investigation_robot
[3.674s] byte-compiling /root/GitHub/Projets-de-mecatronique/12_ros2_robot_investigation/install/investigation_robot/lib/python3.12/site-packages/investigation_robot/__init__.py to __init__.cpython-312.pyc
[3.675s] byte-compiling /root/GitHub/Projets-de-mecatronique/12_ros2_robot_investigation/install/investigation_robot/lib/python3.12/site-packages/investigation_robot/teleop_node.py to teleop_node.cpython-312.pyc
[3.677s] byte-compiling /root/GitHub/Projets-de-mecatronique/12_ros2_robot_investigation/install/investigation_robot/lib/python3.12/site-packages/investigation_robot/sensor_node.py to sensor_node.cpython-312.pyc
[3.679s] running install_data
[3.679s] creating /root/GitHub/Projets-de-mecatronique/12_ros2_robot_investigation/install/investigation_robot/share/ament_index
[3.680s] creating /root/GitHub/Projets-de-mecatronique/12_ros2_robot_investigation/install/investigation_robot/share/ament_index/resource_index
[3.681s] creating /root/GitHub/Projets-de-mecatronique/12_ros2_robot_investigation/install/investigation_robot/share/ament_index/resource_index/packages
[3.682s] copying resource/investigation_robot -> /root/GitHub/Projets-de-mecatronique/12_ros2_robot_investigation/install/investigation_robot/share/ament_index/resource_index/packages
[3.682s] copying package.xml -> /root/GitHub/Projets-de-mecatronique/12_ros2_robot_investigation/install/investigation_robot/share/investigation_robot
[3.683s] running install_egg_info
[3.735s] Copying ../../build/investigation_robot/investigation_robot.egg-info to /root/GitHub/Projets-de-mecatronique/12_ros2_robot_investigation/install/investigation_robot/lib/python3.12/site-packages/investigation_robot-0.0.1-py3.12.egg-info
[3.738s] running install_scripts
[4.061s] Installing sensor_node script to /root/GitHub/Projets-de-mecatronique/12_ros2_robot_investigation/install/investigation_robot/lib/investigation_robot
[4.062s] Installing teleop_node script to /root/GitHub/Projets-de-mecatronique/12_ros2_robot_investigation/install/investigation_robot/lib/investigation_robot
[4.063s] writing list of installed files to '/root/GitHub/Projets-de-mecatronique/12_ros2_robot_investigation/build/investigation_robot/install.log'
[4.111s] Invoked command in '/root/GitHub/Projets-de-mecatronique/12_ros2_robot_investigation/src/investigation_robot' returned '0': PYTHONPATH=/root/GitHub/Projets-de-mecatronique/12_ros2_robot_investigation/build/investigation_robot/prefix_override:/usr/lib/python3/dist-packages/colcon_core/task/python/colcon_distutils_commands:/root/GitHub/Projets-de-mecatronique/12_ros2_robot_investigation/install/investigation_robot/lib/python3.12/site-packages:${PYTHONPATH} /usr/bin/python3 -W ignore:setup.py install is deprecated -W ignore:easy_install command is deprecated setup.py egg_info --egg-base ../../build/investigation_robot build --build-base /root/GitHub/Projets-de-mecatronique/12_ros2_robot_investigation/build/investigation_robot/build install --record /root/GitHub/Projets-de-mecatronique/12_ros2_robot_investigation/build/investigation_robot/install.log --single-version-externally-managed install_data
