/root/GitHub/Projets-de-mecatronique/12_ros2_robot_investigation/install/investigation_robot/lib/python3.12/site-packages/investigation_robot/__init__.py
/root/GitHub/Projets-de-mecatronique/12_ros2_robot_investigation/install/investigation_robot/lib/python3.12/site-packages/investigation_robot/visu_node.py
/root/GitHub/Projets-de-mecatronique/12_ros2_robot_investigation/install/investigation_robot/lib/python3.12/site-packages/investigation_robot/teleop_node.py
/root/GitHub/Projets-de-mecatronique/12_ros2_robot_investigation/install/investigation_robot/lib/python3.12/site-packages/investigation_robot/logger_node.py
/root/GitHub/Projets-de-mecatronique/12_ros2_robot_investigation/install/investigation_robot/lib/python3.12/site-packages/investigation_robot/sensor_node.py
/root/GitHub/Projets-de-mecatronique/12_ros2_robot_investigation/install/investigation_robot/lib/python3.12/site-packages/investigation_robot/__pycache__/__init__.cpython-312.pyc
/root/GitHub/Projets-de-mecatronique/12_ros2_robot_investigation/install/investigation_robot/lib/python3.12/site-packages/investigation_robot/__pycache__/visu_node.cpython-312.pyc
/root/GitHub/Projets-de-mecatronique/12_ros2_robot_investigation/install/investigation_robot/lib/python3.12/site-packages/investigation_robot/__pycache__/teleop_node.cpython-312.pyc
/root/GitHub/Projets-de-mecatronique/12_ros2_robot_investigation/install/investigation_robot/lib/python3.12/site-packages/investigation_robot/__pycache__/logger_node.cpython-312.pyc
/root/GitHub/Projets-de-mecatronique/12_ros2_robot_investigation/install/investigation_robot/lib/python3.12/site-packages/investigation_robot/__pycache__/sensor_node.cpython-312.pyc
/root/GitHub/Projets-de-mecatronique/12_ros2_robot_investigation/install/investigation_robot/share/ament_index/resource_index/packages/investigation_robot
/root/GitHub/Projets-de-mecatronique/12_ros2_robot_investigation/install/investigation_robot/share/investigation_robot/package.xml
/root/GitHub/Projets-de-mecatronique/12_ros2_robot_investigation/install/investigation_robot/share/investigation_robot/launch/robot.launch.py
/root/GitHub/Projets-de-mecatronique/12_ros2_robot_investigation/install/investigation_robot/lib/python3.12/site-packages/investigation_robot-0.0.1-py3.12.egg-info/zip-safe
/root/GitHub/Projets-de-mecatronique/12_ros2_robot_investigation/install/investigation_robot/lib/python3.12/site-packages/investigation_robot-0.0.1-py3.12.egg-info/top_level.txt
/root/GitHub/Projets-de-mecatronique/12_ros2_robot_investigation/install/investigation_robot/lib/python3.12/site-packages/investigation_robot-0.0.1-py3.12.egg-info/entry_points.txt
/root/GitHub/Projets-de-mecatronique/12_ros2_robot_investigation/install/investigation_robot/lib/python3.12/site-packages/investigation_robot-0.0.1-py3.12.egg-info/requires.txt
/root/GitHub/Projets-de-mecatronique/12_ros2_robot_investigation/install/investigation_robot/lib/python3.12/site-packages/investigation_robot-0.0.1-py3.12.egg-info/dependency_links.txt
/root/GitHub/Projets-de-mecatronique/12_ros2_robot_investigation/install/investigation_robot/lib/python3.12/site-packages/investigation_robot-0.0.1-py3.12.egg-info/SOURCES.txt
/root/GitHub/Projets-de-mecatronique/12_ros2_robot_investigation/install/investigation_robot/lib/python3.12/site-packages/investigation_robot-0.0.1-py3.12.egg-info/PKG-INFO
/root/GitHub/Projets-de-mecatronique/12_ros2_robot_investigation/install/investigation_robot/lib/investigation_robot/logger_node
/root/GitHub/Projets-de-mecatronique/12_ros2_robot_investigation/install/investigation_robot/lib/investigation_robot/sensor_node
/root/GitHub/Projets-de-mecatronique/12_ros2_robot_investigation/install/investigation_robot/lib/investigation_robot/teleop_node
/root/GitHub/Projets-de-mecatronique/12_ros2_robot_investigation/install/investigation_robot/lib/investigation_robot/visu_node
